// Jest Snapshot v1, https://jestjs.io/docs/snapshot-testing

exports[`Pruebas en FirstApp debe de hacer match con el snapshot 1`] = `
<div>
   
  <h1>
    Hola
  </h1>
  <p>
    Soy un subtitulo
  </p>
</div>
`;
