// Vitest Snapshot v1, https://vitest.dev/guide/snapshot.html

exports[`Pruebas en <GifItem /> > should match the snapshot 1`] = `
<div>
  <div
    class="card"
  >
    <img
      alt="Hola"
      src="https://localhost/algo.jpg"
    />
    <p>
      Hola
    </p>
  </div>
</div>
`;
